[2026-05-23 13:05:10Z INFO HostContext] No proxy settings were found based on environmental variables (http_proxy/https_proxy/HTTP_PROXY/HTTPS_PROXY)
[2026-05-23 13:05:10Z INFO HostContext] Well known directory 'Bin': 'D:\my-project\actions-runner\bin'
[2026-05-23 13:05:10Z INFO HostContext] Well known directory 'Root': 'D:\my-project\actions-runner'
[2026-05-23 13:05:10Z INFO HostContext] Well known config file 'Credentials': 'D:\my-project\actions-runner\.credentials'
[2026-05-23 13:05:10Z INFO HostContext] Well known directory 'Bin': 'D:\my-project\actions-runner\bin'
[2026-05-23 13:05:10Z INFO HostContext] Well known directory 'Root': 'D:\my-project\actions-runner'
[2026-05-23 13:05:10Z INFO HostContext] Well known config file 'Runner': 'D:\my-project\actions-runner\.runner'
[2026-05-23 13:05:10Z INFO Listener] Runner is built for Windows (X64) - win-x64.
[2026-05-23 13:05:10Z INFO Listener] RuntimeInformation: Microsoft Windows 10.0.26100.
[2026-05-23 13:05:10Z INFO Listener] Version: 2.334.0
[2026-05-23 13:05:10Z INFO Listener] Commit: f1995ede5d885c997d13d8eca5467c4ce97fe69c
[2026-05-23 13:05:10Z INFO Listener] Culture: en-US
[2026-05-23 13:05:10Z INFO Listener] UI Culture: en-US
[2026-05-23 13:05:10Z INFO HostContext] Well known directory 'Bin': 'D:\my-project\actions-runner\bin'
[2026-05-23 13:05:10Z INFO HostContext] Well known directory 'Root': 'D:\my-project\actions-runner'
[2026-05-23 13:05:10Z INFO Listener] Validating directory permissions for: 'D:\my-project\actions-runner'
[2026-05-23 13:05:10Z INFO CommandLineParser] Parse
[2026-05-23 13:05:10Z INFO CommandLineParser] Parsing 5 args
[2026-05-23 13:05:10Z INFO CommandLineParser] parsing argument
[2026-05-23 13:05:10Z INFO CommandLineParser] HasArgs: False
[2026-05-23 13:05:10Z INFO CommandLineParser] Adding Command: configure
[2026-05-23 13:05:10Z INFO CommandLineParser] parsing argument
[2026-05-23 13:05:10Z INFO CommandLineParser] HasArgs: True
[2026-05-23 13:05:10Z INFO CommandLineParser] arg: url
[2026-05-23 13:05:10Z INFO CommandLineParser] parsing argument
[2026-05-23 13:05:10Z INFO CommandLineParser] HasArgs: True
[2026-05-23 13:05:10Z INFO CommandLineParser] Adding option 'url': 'https://github.com/sarthak-agnihotri/my-project'
[2026-05-23 13:05:10Z INFO CommandLineParser] parsing argument
[2026-05-23 13:05:10Z INFO CommandLineParser] HasArgs: True
[2026-05-23 13:05:10Z INFO CommandLineParser] arg: token
[2026-05-23 13:05:10Z INFO CommandLineParser] parsing argument
[2026-05-23 13:05:10Z INFO CommandLineParser] HasArgs: True
[2026-05-23 13:05:10Z INFO CommandLineParser] Adding option 'token': '***'
[2026-05-23 13:05:10Z INFO Listener] Arguments parsed
[2026-05-23 13:05:10Z INFO Runner] ExecuteCommand
[2026-05-23 13:05:10Z INFO ConfigurationStore] currentAssemblyLocation: D:\my-project\actions-runner\bin\Runner.Listener.dll
[2026-05-23 13:05:10Z INFO HostContext] Well known directory 'Bin': 'D:\my-project\actions-runner\bin'
[2026-05-23 13:05:10Z INFO ConfigurationStore] binPath: D:\my-project\actions-runner\bin
[2026-05-23 13:05:10Z INFO HostContext] Well known directory 'Bin': 'D:\my-project\actions-runner\bin'
[2026-05-23 13:05:10Z INFO HostContext] Well known directory 'Root': 'D:\my-project\actions-runner'
[2026-05-23 13:05:10Z INFO ConfigurationStore] RootFolder: D:\my-project\actions-runner
[2026-05-23 13:05:10Z INFO HostContext] Well known directory 'Bin': 'D:\my-project\actions-runner\bin'
[2026-05-23 13:05:10Z INFO HostContext] Well known directory 'Root': 'D:\my-project\actions-runner'
[2026-05-23 13:05:10Z INFO HostContext] Well known config file 'Runner': 'D:\my-project\actions-runner\.runner'
[2026-05-23 13:05:10Z INFO ConfigurationStore] ConfigFilePath: D:\my-project\actions-runner\.runner
[2026-05-23 13:05:10Z INFO HostContext] Well known directory 'Bin': 'D:\my-project\actions-runner\bin'
[2026-05-23 13:05:10Z INFO HostContext] Well known directory 'Root': 'D:\my-project\actions-runner'
[2026-05-23 13:05:10Z INFO HostContext] Well known config file 'MigratedRunner': 'D:\my-project\actions-runner\.runner_migrated'
[2026-05-23 13:05:10Z INFO ConfigurationStore] MigratedConfigFilePath: D:\my-project\actions-runner\.runner_migrated
[2026-05-23 13:05:10Z INFO HostContext] Well known directory 'Bin': 'D:\my-project\actions-runner\bin'
[2026-05-23 13:05:10Z INFO HostContext] Well known directory 'Root': 'D:\my-project\actions-runner'
[2026-05-23 13:05:10Z INFO HostContext] Well known config file 'Credentials': 'D:\my-project\actions-runner\.credentials'
[2026-05-23 13:05:10Z INFO ConfigurationStore] CredFilePath: D:\my-project\actions-runner\.credentials
[2026-05-23 13:05:10Z INFO HostContext] Well known directory 'Bin': 'D:\my-project\actions-runner\bin'
[2026-05-23 13:05:10Z INFO HostContext] Well known directory 'Root': 'D:\my-project\actions-runner'
[2026-05-23 13:05:10Z INFO HostContext] Well known config file 'MigratedCredentials': 'D:\my-project\actions-runner\.credentials_migrated'
[2026-05-23 13:05:10Z INFO ConfigurationStore] MigratedCredFilePath: D:\my-project\actions-runner\.credentials_migrated
[2026-05-23 13:05:10Z INFO HostContext] Well known directory 'Bin': 'D:\my-project\actions-runner\bin'
[2026-05-23 13:05:10Z INFO HostContext] Well known directory 'Root': 'D:\my-project\actions-runner'
[2026-05-23 13:05:10Z INFO HostContext] Well known config file 'Service': 'D:\my-project\actions-runner\.service'
[2026-05-23 13:05:10Z INFO ConfigurationStore] ServiceConfigFilePath: D:\my-project\actions-runner\.service
[2026-05-23 13:05:10Z INFO CommandSettings] Flag 'help': 'False'
[2026-05-23 13:05:10Z INFO CommandSettings] Flag 'version': 'False'
[2026-05-23 13:05:10Z INFO CommandSettings] Flag 'commit': 'False'
[2026-05-23 13:05:10Z INFO CommandSettings] Flag 'check': 'False'
[2026-05-23 13:05:10Z INFO CommandSettings] Command 'configure': 'True'
[2026-05-23 13:05:10Z INFO Terminal] WRITE LINE: 
[2026-05-23 13:05:10Z INFO Terminal] WRITE LINE: --------------------------------------------------------------------------------
[2026-05-23 13:05:10Z INFO Terminal] WRITE LINE: |        ____ _ _   _   _       _          _        _   _                      |
[2026-05-23 13:05:10Z INFO Terminal] WRITE LINE: |       / ___(_) |_| | | |_   _| |__      / \   ___| |_(_) ___  _ __  ___      |
[2026-05-23 13:05:10Z INFO Terminal] WRITE LINE: |      | |  _| | __| |_| | | | | '_ \    / _ \ / __| __| |/ _ \| '_ \/ __|     |
[2026-05-23 13:05:10Z INFO Terminal] WRITE LINE: |      | |_| | | |_|  _  | |_| | |_) |  / ___ \ (__| |_| | (_) | | | \__ \     |
[2026-05-23 13:05:10Z INFO Terminal] WRITE LINE: |       \____|_|\__|_| |_|\__,_|_.__/  /_/   \_\___|\__|_|\___/|_| |_|___/     |
[2026-05-23 13:05:10Z INFO Terminal] WRITE LINE: |                                                                              |
[2026-05-23 13:05:10Z INFO Terminal] WRITE: |                       
[2026-05-23 13:05:10Z INFO Terminal] WRITE: Self-hosted runner registration
[2026-05-23 13:05:10Z INFO Terminal] WRITE LINE:                         |
[2026-05-23 13:05:10Z INFO Terminal] WRITE LINE: |                                                                              |
[2026-05-23 13:05:10Z INFO Terminal] WRITE LINE: --------------------------------------------------------------------------------
[2026-05-23 13:05:10Z INFO ConfigurationManager] ConfigureAsync
[2026-05-23 13:05:10Z INFO CommandSettings] Flag 'generateServiceConfig': 'False'
[2026-05-23 13:05:10Z INFO ConfigurationStore] IsConfigured()
[2026-05-23 13:05:10Z INFO ConfigurationStore] IsConfigured: False
[2026-05-23 13:05:10Z INFO ConfigurationManager] Is configured: False
[2026-05-23 13:05:10Z INFO CommandSettings] Arg 'url': 'https://github.com/sarthak-agnihotri/my-project'
[2026-05-23 13:05:10Z INFO CommandSettings] Remove url from Arg dictionary.
[2026-05-23 13:05:10Z INFO CommandSettings] Arg 'token': '***'
[2026-05-23 13:05:10Z INFO CommandSettings] Remove token from Arg dictionary.
[2026-05-23 13:05:11Z INFO ConfigurationManager] Http response code: OK from 'POST https://api.github.com/actions/runner-registration' (DFE4:263621:1E57A3D:22317C3:6A11A604)
[2026-05-23 13:05:11Z INFO ConfigurationManager] Using runner-admin flow: False
[2026-05-23 13:05:11Z INFO ConfigurationManager] cred retrieved via GitHub auth
[2026-05-23 13:05:11Z INFO RunnerServer] EstablishVssConnection
[2026-05-23 13:05:11Z INFO RunnerServer] Establish connection with 100 seconds timeout.
[2026-05-23 13:05:11Z INFO GitHubActionsService] Starting operation Location.GetConnectionData
[2026-05-23 13:05:11Z INFO RunnerServer] EstablishVssConnection
[2026-05-23 13:05:11Z INFO RunnerServer] Establish connection with 60 seconds timeout.
[2026-05-23 13:05:11Z INFO GitHubActionsService] Starting operation Location.GetConnectionData
[2026-05-23 13:05:11Z INFO RunnerServer] EstablishVssConnection
[2026-05-23 13:05:11Z INFO RunnerServer] Establish connection with 60 seconds timeout.
[2026-05-23 13:05:11Z INFO GitHubActionsService] Starting operation Location.GetConnectionData
[2026-05-23 13:05:13Z INFO GitHubActionsService] Finished operation Location.GetConnectionData
[2026-05-23 13:05:13Z INFO GitHubActionsService] Finished operation Location.GetConnectionData
[2026-05-23 13:05:13Z INFO GitHubActionsService] Finished operation Location.GetConnectionData
[2026-05-23 13:05:13Z INFO Terminal] WRITE LINE: 
[2026-05-23 13:05:13Z INFO ConfigurationManager] Test Connection complete.
[2026-05-23 13:05:13Z INFO HostContext] Well known directory 'Bin': 'D:\my-project\actions-runner\bin'
[2026-05-23 13:05:13Z INFO HostContext] Well known directory 'Root': 'D:\my-project\actions-runner'
[2026-05-23 13:05:13Z INFO HostContext] Well known config file 'RSACredentials': 'D:\my-project\actions-runner\.credentials_rsaparams'
[2026-05-23 13:05:13Z INFO RSAEncryptedFileKeyManager] Creating new RSA key using 2048-bit key length
[2026-05-23 13:05:14Z INFO RSAEncryptedFileKeyManager] Successfully saved RSA key parameters to file D:\my-project\actions-runner\.credentials_rsaparams
[2026-05-23 13:05:14Z INFO CommandSettings] Arg 'runnergroup': ''
[2026-05-23 13:05:14Z INFO CommandSettings] Flag 'unattended': 'False'
[2026-05-23 13:05:14Z INFO PromptManager] ReadValue
[2026-05-23 13:05:14Z INFO Terminal] WRITE: Enter the name of the runner group to add this runner to: 
[2026-05-23 13:05:14Z INFO Terminal] WRITE: [press Enter for Default] 
[2026-05-23 13:05:14Z INFO Terminal] READ LINE
[2026-05-23 13:05:44Z INFO Terminal] Read value: 'sarthak-runner'
[2026-05-23 13:05:44Z INFO Terminal] WRITE LINE: 
[2026-05-23 13:05:44Z ERR  Runner] GitHub.DistributedTask.WebApi.TaskAgentPoolNotFoundException: Could not find any self-hosted runner group named "sarthak-runner".
   at GitHub.Runner.Listener.Configuration.ConfigurationManager.ConfigureAsync(CommandSettings command)
   at GitHub.Runner.Listener.Runner.ExecuteCommand(CommandSettings command)
[2026-05-23 13:05:44Z ERR  Terminal] WRITE ERROR: Could not find any self-hosted runner group named "sarthak-runner".
[2026-05-23 13:05:44Z INFO Listener] Runner execution has finished with return code 1
