[2026-05-23 13:31:38Z INFO HostContext] No proxy settings were found based on environmental variables (http_proxy/https_proxy/HTTP_PROXY/HTTPS_PROXY)
[2026-05-23 13:31:38Z INFO HostContext] Well known directory 'Bin': 'D:\my-project\actions-runner\bin'
[2026-05-23 13:31:38Z INFO HostContext] Well known directory 'Root': 'D:\my-project\actions-runner'
[2026-05-23 13:31:38Z INFO HostContext] Well known config file 'Credentials': 'D:\my-project\actions-runner\.credentials'
[2026-05-23 13:31:38Z INFO HostContext] Well known directory 'Bin': 'D:\my-project\actions-runner\bin'
[2026-05-23 13:31:38Z INFO HostContext] Well known directory 'Root': 'D:\my-project\actions-runner'
[2026-05-23 13:31:38Z INFO HostContext] Well known config file 'Runner': 'D:\my-project\actions-runner\.runner'
[2026-05-23 13:31:38Z INFO Listener] Runner is built for Windows (X64) - win-x64.
[2026-05-23 13:31:38Z INFO Listener] RuntimeInformation: Microsoft Windows 10.0.26100.
[2026-05-23 13:31:38Z INFO Listener] Version: 2.334.0
[2026-05-23 13:31:38Z INFO Listener] Commit: f1995ede5d885c997d13d8eca5467c4ce97fe69c
[2026-05-23 13:31:38Z INFO Listener] Culture: en-US
[2026-05-23 13:31:38Z INFO Listener] UI Culture: en-US
[2026-05-23 13:31:38Z INFO HostContext] Well known directory 'Bin': 'D:\my-project\actions-runner\bin'
[2026-05-23 13:31:38Z INFO HostContext] Well known directory 'Root': 'D:\my-project\actions-runner'
[2026-05-23 13:31:38Z INFO Listener] Validating directory permissions for: 'D:\my-project\actions-runner'
[2026-05-23 13:31:38Z INFO CommandLineParser] Parse
[2026-05-23 13:31:38Z INFO CommandLineParser] Parsing 1 args
[2026-05-23 13:31:38Z INFO CommandLineParser] parsing argument
[2026-05-23 13:31:38Z INFO CommandLineParser] HasArgs: False
[2026-05-23 13:31:38Z INFO CommandLineParser] Adding Command: run
[2026-05-23 13:31:38Z INFO Listener] Arguments parsed
[2026-05-23 13:31:38Z INFO Runner] ExecuteCommand
[2026-05-23 13:31:38Z INFO ConfigurationStore] currentAssemblyLocation: D:\my-project\actions-runner\bin\Runner.Listener.dll
[2026-05-23 13:31:38Z INFO HostContext] Well known directory 'Bin': 'D:\my-project\actions-runner\bin'
[2026-05-23 13:31:38Z INFO ConfigurationStore] binPath: D:\my-project\actions-runner\bin
[2026-05-23 13:31:38Z INFO HostContext] Well known directory 'Bin': 'D:\my-project\actions-runner\bin'
[2026-05-23 13:31:38Z INFO HostContext] Well known directory 'Root': 'D:\my-project\actions-runner'
[2026-05-23 13:31:38Z INFO ConfigurationStore] RootFolder: D:\my-project\actions-runner
[2026-05-23 13:31:38Z INFO HostContext] Well known directory 'Bin': 'D:\my-project\actions-runner\bin'
[2026-05-23 13:31:38Z INFO HostContext] Well known directory 'Root': 'D:\my-project\actions-runner'
[2026-05-23 13:31:38Z INFO HostContext] Well known config file 'Runner': 'D:\my-project\actions-runner\.runner'
[2026-05-23 13:31:38Z INFO ConfigurationStore] ConfigFilePath: D:\my-project\actions-runner\.runner
[2026-05-23 13:31:38Z INFO HostContext] Well known directory 'Bin': 'D:\my-project\actions-runner\bin'
[2026-05-23 13:31:38Z INFO HostContext] Well known directory 'Root': 'D:\my-project\actions-runner'
[2026-05-23 13:31:38Z INFO HostContext] Well known config file 'MigratedRunner': 'D:\my-project\actions-runner\.runner_migrated'
[2026-05-23 13:31:38Z INFO ConfigurationStore] MigratedConfigFilePath: D:\my-project\actions-runner\.runner_migrated
[2026-05-23 13:31:38Z INFO HostContext] Well known directory 'Bin': 'D:\my-project\actions-runner\bin'
[2026-05-23 13:31:38Z INFO HostContext] Well known directory 'Root': 'D:\my-project\actions-runner'
[2026-05-23 13:31:38Z INFO HostContext] Well known config file 'Credentials': 'D:\my-project\actions-runner\.credentials'
[2026-05-23 13:31:38Z INFO ConfigurationStore] CredFilePath: D:\my-project\actions-runner\.credentials
[2026-05-23 13:31:38Z INFO HostContext] Well known directory 'Bin': 'D:\my-project\actions-runner\bin'
[2026-05-23 13:31:38Z INFO HostContext] Well known directory 'Root': 'D:\my-project\actions-runner'
[2026-05-23 13:31:38Z INFO HostContext] Well known config file 'MigratedCredentials': 'D:\my-project\actions-runner\.credentials_migrated'
[2026-05-23 13:31:38Z INFO ConfigurationStore] MigratedCredFilePath: D:\my-project\actions-runner\.credentials_migrated
[2026-05-23 13:31:38Z INFO HostContext] Well known directory 'Bin': 'D:\my-project\actions-runner\bin'
[2026-05-23 13:31:38Z INFO HostContext] Well known directory 'Root': 'D:\my-project\actions-runner'
[2026-05-23 13:31:38Z INFO HostContext] Well known config file 'Service': 'D:\my-project\actions-runner\.service'
[2026-05-23 13:31:38Z INFO ConfigurationStore] ServiceConfigFilePath: D:\my-project\actions-runner\.service
[2026-05-23 13:31:38Z INFO CommandSettings] Flag 'help': 'False'
[2026-05-23 13:31:38Z INFO CommandSettings] Flag 'version': 'False'
[2026-05-23 13:31:38Z INFO CommandSettings] Flag 'commit': 'False'
[2026-05-23 13:31:38Z INFO CommandSettings] Flag 'check': 'False'
[2026-05-23 13:31:38Z INFO CommandSettings] Command 'configure': 'False'
[2026-05-23 13:31:38Z INFO CommandSettings] Command 'remove': 'False'
[2026-05-23 13:31:38Z INFO CommandSettings] Command 'warmup': 'False'
[2026-05-23 13:31:38Z INFO ConfigurationManager] LoadSettings
[2026-05-23 13:31:38Z INFO ConfigurationStore] IsConfigured()
[2026-05-23 13:31:38Z INFO ConfigurationStore] IsConfigured: True
[2026-05-23 13:31:38Z INFO ConfigurationManager] Is configured: True
[2026-05-23 13:31:38Z INFO ConfigurationStore] Read setting file: 406 chars
[2026-05-23 13:31:38Z INFO ConfigurationManager] Settings Loaded
[2026-05-23 13:31:38Z INFO ConfigurationStore] IsServiceConfigured()
[2026-05-23 13:31:38Z INFO ConfigurationStore] IsServiceConfigured: False
[2026-05-23 13:31:38Z INFO CommandSettings] Command 'run': 'True'
[2026-05-23 13:31:38Z INFO ConfigurationStore] IsConfigured()
[2026-05-23 13:31:38Z INFO ConfigurationStore] IsConfigured: True
[2026-05-23 13:31:38Z INFO ConfigurationManager] Is configured: True
[2026-05-23 13:31:38Z INFO Runner] Could not parse the argument value '' for StartupType. Defaulting to Manual
[2026-05-23 13:31:38Z INFO Runner] Set runner startup type - Manual
[2026-05-23 13:31:38Z INFO CommandSettings] Flag 'once': 'False'
[2026-05-23 13:31:38Z INFO CommandSettings] Flag 'once': 'False'
[2026-05-23 13:31:38Z INFO Runner] RunAsync
[2026-05-23 13:31:38Z INFO HostContext] Well known directory 'Bin': 'D:\my-project\actions-runner\bin'
[2026-05-23 13:31:38Z INFO HostContext] Well known directory 'Root': 'D:\my-project\actions-runner'
[2026-05-23 13:31:38Z INFO HostContext] Well known directory 'Work': 'D:\my-project\actions-runner\_work'
[2026-05-23 13:31:38Z INFO Runner] Validating directory permissions for: 'D:\my-project\actions-runner\_work'
[2026-05-23 13:31:38Z INFO ConfigurationManager] LoadMigratedSettings
[2026-05-23 13:31:38Z INFO ConfigurationStore] IsMigratedConfigured()
[2026-05-23 13:31:38Z INFO ConfigurationStore] IsMigratedConfigured: False
[2026-05-23 13:31:38Z INFO Runner] Failed to load migrated settings: No migrated configuration found.
[2026-05-23 13:31:38Z INFO Runner] Falling back to original .runner settings
[2026-05-23 13:31:38Z INFO Runner] Using BrokerMessageListener
[2026-05-23 13:31:38Z INFO BrokerMessageListener] Using provided settings
[2026-05-23 13:31:38Z INFO BrokerMessageListener] {
  "AgentId": 21,
  "AgentName": "sarthak-runner",
  "PoolId": 1,
  "PoolName": "Default",
  "ServerUrl": "https://pipelinesghubeus9.actions.githubusercontent.com/hyJs8BSNM8AbrIEXgpu6Ny69aDumSJ3AYaXFAFuXIV4R3MUCym/",
  "GitHubUrl": "https://github.com/sarthak-agnihotri/my-project",
  "WorkFolder": "_work",
  "UseV2Flow": true,
  "ServerUrlV2": "https://broker.actions.githubusercontent.com/"
}
[2026-05-23 13:31:38Z INFO BrokerMessageListener] Loading Credentials
[2026-05-23 13:31:38Z INFO ConfigurationStore] HasCredentials()
[2026-05-23 13:31:38Z INFO ConfigurationStore] stored True
[2026-05-23 13:31:38Z INFO CredentialManager] GetCredentialProvider
[2026-05-23 13:31:38Z INFO CredentialManager] Creating type OAuth
[2026-05-23 13:31:38Z INFO CredentialManager] Creating credential type: OAuth
[2026-05-23 13:31:38Z INFO HostContext] Well known directory 'Bin': 'D:\my-project\actions-runner\bin'
[2026-05-23 13:31:38Z INFO HostContext] Well known directory 'Root': 'D:\my-project\actions-runner'
[2026-05-23 13:31:38Z INFO HostContext] Well known config file 'RSACredentials': 'D:\my-project\actions-runner\.credentials_rsaparams'
[2026-05-23 13:31:38Z INFO RSAEncryptedFileKeyManager] Loading RSA key parameters from file D:\my-project\actions-runner\.credentials_rsaparams
[2026-05-23 13:31:38Z INFO BrokerMessageListener] Attempt to create session.
[2026-05-23 13:31:38Z INFO BrokerMessageListener] Connecting to the Broker Server...
[2026-05-23 13:31:38Z INFO ConfigurationStore] HasCredentials()
[2026-05-23 13:31:38Z INFO ConfigurationStore] stored True
[2026-05-23 13:31:38Z INFO CredentialManager] GetCredentialProvider
[2026-05-23 13:31:38Z INFO CredentialManager] Creating type OAuth
[2026-05-23 13:31:38Z INFO CredentialManager] Creating credential type: OAuth
[2026-05-23 13:31:38Z INFO RSAEncryptedFileKeyManager] Loading RSA key parameters from file D:\my-project\actions-runner\.credentials_rsaparams
[2026-05-23 13:31:38Z INFO BrokerMessageListener] VssConnection created
[2026-05-23 13:31:38Z INFO BrokerMessageListener] Connecting to the Runner server...
[2026-05-23 13:31:38Z INFO RunnerServer] EstablishVssConnection
[2026-05-23 13:31:38Z INFO RunnerServer] Establish connection with 100 seconds timeout.
[2026-05-23 13:31:38Z INFO GitHubActionsService] Starting operation Location.GetConnectionData
[2026-05-23 13:31:38Z INFO RunnerServer] EstablishVssConnection
[2026-05-23 13:31:38Z INFO RunnerServer] Establish connection with 60 seconds timeout.
[2026-05-23 13:31:38Z INFO GitHubActionsService] Starting operation Location.GetConnectionData
[2026-05-23 13:31:38Z INFO RunnerServer] EstablishVssConnection
[2026-05-23 13:31:38Z INFO RunnerServer] Establish connection with 60 seconds timeout.
[2026-05-23 13:31:38Z INFO GitHubActionsService] Starting operation Location.GetConnectionData
[2026-05-23 13:31:39Z INFO GitHubActionsService] Finished operation Location.GetConnectionData
[2026-05-23 13:31:39Z INFO GitHubActionsService] Finished operation Location.GetConnectionData
[2026-05-23 13:31:39Z INFO GitHubActionsService] Finished operation Location.GetConnectionData
[2026-05-23 13:31:39Z INFO BrokerMessageListener] VssConnection created
[2026-05-23 13:31:39Z INFO Terminal] WRITE LINE: 
[2026-05-23 13:31:39Z INFO Terminal] WRITE LINE: 
[2026-05-23 13:31:39Z INFO RSAEncryptedFileKeyManager] Loading RSA key parameters from file D:\my-project\actions-runner\.credentials_rsaparams
[2026-05-23 13:31:39Z INFO RSAEncryptedFileKeyManager] Loading RSA key parameters from file D:\my-project\actions-runner\.credentials_rsaparams
[2026-05-23 13:31:40Z INFO GitHubActionsService] AAD Correlation ID for this token request: Unknown
[2026-05-23 13:31:41Z INFO BrokerMessageListener] Session created.
[2026-05-23 13:31:41Z INFO Terminal] WRITE LINE: Current runner version: '2.334.0'
[2026-05-23 13:31:41Z INFO Terminal] WRITE LINE: 2026-05-23 13:31:41Z: Listening for Jobs
[2026-05-23 13:31:41Z INFO JobDispatcher] Set runner/worker IPC timeout to 30 seconds.
[2026-05-23 13:32:27Z INFO BrokerMessageListener] Acknowledging runner request '9bbe8ddc-72ce-5341-9c15-f4264af0ad4e'.
[2026-05-23 13:32:27Z INFO ConfigurationStore] HasCredentials()
[2026-05-23 13:32:27Z INFO ConfigurationStore] stored True
[2026-05-23 13:32:27Z INFO CredentialManager] GetCredentialProvider
[2026-05-23 13:32:27Z INFO CredentialManager] Creating type OAuth
[2026-05-23 13:32:27Z INFO CredentialManager] Creating credential type: OAuth
[2026-05-23 13:32:27Z INFO RSAEncryptedFileKeyManager] Loading RSA key parameters from file D:\my-project\actions-runner\.credentials_rsaparams
[2026-05-23 13:32:27Z INFO RSAEncryptedFileKeyManager] Loading RSA key parameters from file D:\my-project\actions-runner\.credentials_rsaparams
[2026-05-23 13:32:27Z INFO RSAEncryptedFileKeyManager] Loading RSA key parameters from file D:\my-project\actions-runner\.credentials_rsaparams
[2026-05-23 13:32:28Z INFO GitHubActionsService] AAD Correlation ID for this token request: Unknown
[2026-05-23 13:32:29Z INFO JobDispatcher] Job request 0 for plan 1dd6f9cf-1dfb-4603-8058-c0284565d410 job 9bbe8ddc-72ce-5341-9c15-f4264af0ad4e received.
[2026-05-23 13:32:29Z INFO JobDispatcher] Pull OrchestrationId 1dd6f9cf-1dfb-4603-8058-c0284565d410.build-and-push.__default from JWT claims
[2026-05-23 13:32:29Z INFO BrokerMessageListener] Received job status event. JobState: Busy
[2026-05-23 13:32:29Z INFO BrokerMessageListener] _getMessagesTokenSource is already disposed.
[2026-05-23 13:32:29Z INFO Terminal] WRITE LINE: 2026-05-23 13:32:29Z: Running job: build-and-push
[2026-05-23 13:32:29Z INFO JobDispatcher] Start renew job request 0 for job 9bbe8ddc-72ce-5341-9c15-f4264af0ad4e.
[2026-05-23 13:32:30Z INFO JobDispatcher] Successfully renew job 9bbe8ddc-72ce-5341-9c15-f4264af0ad4e, job is valid till 5/23/2026 1:42:27 PM
[2026-05-23 13:32:30Z INFO HostContext] Well known directory 'Bin': 'D:\my-project\actions-runner\bin'
[2026-05-23 13:32:30Z INFO ProcessInvokerWrapper] Starting process:
[2026-05-23 13:32:30Z INFO ProcessInvokerWrapper]   File name: 'D:\my-project\actions-runner\bin\Runner.Worker.exe'
[2026-05-23 13:32:30Z INFO ProcessInvokerWrapper]   Arguments: 'spawnclient 616 2228'
[2026-05-23 13:32:30Z INFO ProcessInvokerWrapper]   Working directory: 'D:\my-project\actions-runner\bin'
[2026-05-23 13:32:30Z INFO ProcessInvokerWrapper]   Require exit code zero: 'False'
[2026-05-23 13:32:30Z INFO ProcessInvokerWrapper]   Encoding web name:  ; code page: ''
[2026-05-23 13:32:30Z INFO ProcessInvokerWrapper]   Force kill process on cancellation: 'True'
[2026-05-23 13:32:30Z INFO ProcessInvokerWrapper]   Redirected STDIN: 'False'
[2026-05-23 13:32:30Z INFO ProcessInvokerWrapper]   Persist current code page: 'False'
[2026-05-23 13:32:30Z INFO ProcessInvokerWrapper]   Keep redirected STDIN open: 'False'
[2026-05-23 13:32:30Z INFO ProcessInvokerWrapper]   High priority process: 'True'
[2026-05-23 13:32:30Z INFO ProcessInvokerWrapper] Process started with process id 13252, waiting for process exit.
[2026-05-23 13:32:30Z INFO JobDispatcher] Send job request message to worker for job 9bbe8ddc-72ce-5341-9c15-f4264af0ad4e.
[2026-05-23 13:32:30Z INFO ProcessChannel] Sending message of length 22627, with hash '24506d8a7ba638272a458e23765d4625484f36589a632ff2d5e2e7c98a8e9c74'
[2026-05-23 13:32:31Z INFO JobNotification] Entering JobStarted Notification
[2026-05-23 13:32:31Z INFO JobNotification] Entering StartMonitor
[2026-05-23 13:33:31Z INFO JobDispatcher] Successfully renew job 9bbe8ddc-72ce-5341-9c15-f4264af0ad4e, job is valid till 5/23/2026 1:43:28 PM
[2026-05-23 13:33:51Z INFO ProcessInvokerWrapper] STDOUT/STDERR stream read finished.
[2026-05-23 13:33:51Z INFO ProcessInvokerWrapper] STDOUT/STDERR stream read finished.
[2026-05-23 13:33:51Z INFO ProcessInvokerWrapper] Finished process 13252 with exit code 100, and elapsed time 00:01:20.2941801.
[2026-05-23 13:33:51Z INFO JobDispatcher] Worker finished for job 9bbe8ddc-72ce-5341-9c15-f4264af0ad4e. Code: 100
[2026-05-23 13:33:51Z INFO JobDispatcher] finish job request for job 9bbe8ddc-72ce-5341-9c15-f4264af0ad4e with result: Succeeded
[2026-05-23 13:33:51Z INFO Terminal] WRITE LINE: 2026-05-23 13:33:51Z: Job build-and-push completed with result: Succeeded
[2026-05-23 13:33:51Z INFO JobDispatcher] Stop renew job request for job 9bbe8ddc-72ce-5341-9c15-f4264af0ad4e.
[2026-05-23 13:33:51Z INFO JobDispatcher] job renew has been cancelled, stop renew job 9bbe8ddc-72ce-5341-9c15-f4264af0ad4e.
[2026-05-23 13:33:51Z INFO JobNotification] Entering JobCompleted Notification
[2026-05-23 13:33:51Z INFO JobNotification] Entering EndMonitor
[2026-05-23 13:33:51Z INFO BrokerMessageListener] Received job status event. JobState: Online
[2026-05-23 13:33:51Z WARN GitHubActionsService] GET request to https://broker.actions.githubusercontent.com/message?sessionId=1d6be067-4424-42ab-af1f-bbf79927ba7e&status=Busy&runnerVersion=2.334.0&os=Windows&architecture=X64&disableUpdate=false has been cancelled.
[2026-05-23 13:33:51Z ERR  BrokerServer] Catch exception during request
[2026-05-23 13:33:51Z ERR  BrokerServer] System.Threading.Tasks.TaskCanceledException: The operation was canceled.
 ---> System.Threading.Tasks.TaskCanceledException: The operation was canceled.
 ---> System.IO.IOException: Unable to read data from the transport connection: The I/O operation has been aborted because of either a thread exit or an application request..
 ---> System.Net.Sockets.SocketException (995): The I/O operation has been aborted because of either a thread exit or an application request.
   --- End of inner exception stack trace ---
   at System.Net.Sockets.Socket.AwaitableSocketAsyncEventArgs.ThrowException(SocketError error, CancellationToken cancellationToken)
   at System.Net.Sockets.Socket.AwaitableSocketAsyncEventArgs.System.Threading.Tasks.Sources.IValueTaskSource<System.Int32>.GetResult(Int16 token)
   at System.Net.Security.SslStream.EnsureFullTlsFrameAsync[TIOAdapter](CancellationToken cancellationToken, Int32 estimatedSize)
   at System.Runtime.CompilerServices.PoolingAsyncValueTaskMethodBuilder`1.StateMachineBox`1.System.Threading.Tasks.Sources.IValueTaskSource<TResult>.GetResult(Int16 token)
   at System.Net.Security.SslStream.ReadAsyncInternal[TIOAdapter](Memory`1 buffer, CancellationToken cancellationToken)
   at System.Runtime.CompilerServices.PoolingAsyncValueTaskMethodBuilder`1.StateMachineBox`1.System.Threading.Tasks.Sources.IValueTaskSource<TResult>.GetResult(Int16 token)
   at System.Net.Http.HttpConnection.SendAsync(HttpRequestMessage request, Boolean async, CancellationToken cancellationToken)
   --- End of inner exception stack trace ---
   at System.Net.Http.HttpConnection.SendAsync(HttpRequestMessage request, Boolean async, CancellationToken cancellationToken)
   at System.Net.Http.AuthenticationHelper.SendWithNtAuthAsync(HttpRequestMessage request, Uri authUri, Boolean async, ICredentials credentials, Boolean isProxyAuth, HttpConnection connection, HttpConnectionPool connectionPool, CancellationToken cancellationToken)
   at System.Net.Http.HttpConnectionPool.SendWithVersionDetectionAndRetryAsync(HttpRequestMessage request, Boolean async, Boolean doRequestAuth, CancellationToken cancellationToken)
   at System.Net.Http.AuthenticationHelper.SendWithAuthAsync(HttpRequestMessage request, Uri authUri, Boolean async, ICredentials credentials, Boolean preAuthenticate, Boolean isProxyAuth, Boolean doRequestAuth, HttpConnectionPool pool, CancellationToken cancellationToken)
   at System.Net.Http.RedirectHandler.SendAsync(HttpRequestMessage request, Boolean async, CancellationToken cancellationToken)
   at GitHub.Services.Common.RawHttpMessageHandler.SendAsync(HttpRequestMessage request, CancellationToken cancellationToken)
   at GitHub.Services.Common.VssHttpRetryMessageHandler.SendAsync(HttpRequestMessage request, CancellationToken cancellationToken)
   at System.Net.Http.HttpClient.<SendAsync>g__Core|83_0(HttpRequestMessage request, HttpCompletionOption completionOption, CancellationTokenSource cts, Boolean disposeCts, CancellationTokenSource pendingRequestsCts, CancellationToken originalCancellationToken)
   --- End of inner exception stack trace ---
   at System.Net.Http.HttpClient.HandleFailure(Exception e, Boolean telemetryStarted, HttpResponseMessage response, CancellationTokenSource cts, CancellationToken cancellationToken, CancellationTokenSource pendingRequestsCts)
   at System.Net.Http.HttpClient.<SendAsync>g__Core|83_0(HttpRequestMessage request, HttpCompletionOption completionOption, CancellationTokenSource cts, Boolean disposeCts, CancellationTokenSource pendingRequestsCts, CancellationToken originalCancellationToken)
   at Sdk.WebApi.WebApi.RawHttpClientBase.SendAsync(HttpRequestMessage message, HttpCompletionOption completionOption, Object userState, CancellationToken cancellationToken)
   at Sdk.WebApi.WebApi.RawHttpClientBase.SendAsync[T](HttpRequestMessage message, Boolean readErrorBody, Object userState, CancellationToken cancellationToken)
   at Sdk.WebApi.WebApi.RawHttpClientBase.SendAsync[T](HttpMethod method, IEnumerable`1 additionalHeaders, Uri requestUri, HttpContent content, IEnumerable`1 queryParameters, Boolean readErrorBody, Object userState, CancellationToken cancellationToken)
   at GitHub.Actions.RunService.WebApi.BrokerHttpClient.GetRunnerMessageAsync(Nullable`1 sessionId, String runnerVersion, Nullable`1 status, String os, String architecture, Nullable`1 disableUpdate, CancellationToken cancellationToken)
   at GitHub.Runner.Common.BrokerServer.<>c__DisplayClass7_0.<<GetRunnerMessageAsync>b__0>d.MoveNext()
--- End of stack trace from previous location ---
   at GitHub.Runner.Common.RunnerService.RetryRequest[T](Func`1 func, CancellationToken cancellationToken, Int32 maxAttempts, Func`2 shouldRetry)
[2026-05-23 13:33:51Z ERR  BrokerServer] #####################################################
[2026-05-23 13:33:51Z ERR  BrokerServer] System.Threading.Tasks.TaskCanceledException: The operation was canceled.
 ---> System.IO.IOException: Unable to read data from the transport connection: The I/O operation has been aborted because of either a thread exit or an application request..
 ---> System.Net.Sockets.SocketException (995): The I/O operation has been aborted because of either a thread exit or an application request.
   --- End of inner exception stack trace ---
   at System.Net.Sockets.Socket.AwaitableSocketAsyncEventArgs.ThrowException(SocketError error, CancellationToken cancellationToken)
   at System.Net.Sockets.Socket.AwaitableSocketAsyncEventArgs.System.Threading.Tasks.Sources.IValueTaskSource<System.Int32>.GetResult(Int16 token)
   at System.Net.Security.SslStream.EnsureFullTlsFrameAsync[TIOAdapter](CancellationToken cancellationToken, Int32 estimatedSize)
   at System.Runtime.CompilerServices.PoolingAsyncValueTaskMethodBuilder`1.StateMachineBox`1.System.Threading.Tasks.Sources.IValueTaskSource<TResult>.GetResult(Int16 token)
   at System.Net.Security.SslStream.ReadAsyncInternal[TIOAdapter](Memory`1 buffer, CancellationToken cancellationToken)
   at System.Runtime.CompilerServices.PoolingAsyncValueTaskMethodBuilder`1.StateMachineBox`1.System.Threading.Tasks.Sources.IValueTaskSource<TResult>.GetResult(Int16 token)
   at System.Net.Http.HttpConnection.SendAsync(HttpRequestMessage request, Boolean async, CancellationToken cancellationToken)
   --- End of inner exception stack trace ---
   at System.Net.Http.HttpConnection.SendAsync(HttpRequestMessage request, Boolean async, CancellationToken cancellationToken)
   at System.Net.Http.AuthenticationHelper.SendWithNtAuthAsync(HttpRequestMessage request, Uri authUri, Boolean async, ICredentials credentials, Boolean isProxyAuth, HttpConnection connection, HttpConnectionPool connectionPool, CancellationToken cancellationToken)
   at System.Net.Http.HttpConnectionPool.SendWithVersionDetectionAndRetryAsync(HttpRequestMessage request, Boolean async, Boolean doRequestAuth, CancellationToken cancellationToken)
   at System.Net.Http.AuthenticationHelper.SendWithAuthAsync(HttpRequestMessage request, Uri authUri, Boolean async, ICredentials credentials, Boolean preAuthenticate, Boolean isProxyAuth, Boolean doRequestAuth, HttpConnectionPool pool, CancellationToken cancellationToken)
   at System.Net.Http.RedirectHandler.SendAsync(HttpRequestMessage request, Boolean async, CancellationToken cancellationToken)
   at GitHub.Services.Common.RawHttpMessageHandler.SendAsync(HttpRequestMessage request, CancellationToken cancellationToken)
   at GitHub.Services.Common.VssHttpRetryMessageHandler.SendAsync(HttpRequestMessage request, CancellationToken cancellationToken)
   at System.Net.Http.HttpClient.<SendAsync>g__Core|83_0(HttpRequestMessage request, HttpCompletionOption completionOption, CancellationTokenSource cts, Boolean disposeCts, CancellationTokenSource pendingRequestsCts, CancellationToken originalCancellationToken)
[2026-05-23 13:33:51Z ERR  BrokerServer] #####################################################
[2026-05-23 13:33:51Z ERR  BrokerServer] System.IO.IOException: Unable to read data from the transport connection: The I/O operation has been aborted because of either a thread exit or an application request..
 ---> System.Net.Sockets.SocketException (995): The I/O operation has been aborted because of either a thread exit or an application request.
   --- End of inner exception stack trace ---
   at System.Net.Sockets.Socket.AwaitableSocketAsyncEventArgs.ThrowException(SocketError error, CancellationToken cancellationToken)
   at System.Net.Sockets.Socket.AwaitableSocketAsyncEventArgs.System.Threading.Tasks.Sources.IValueTaskSource<System.Int32>.GetResult(Int16 token)
   at System.Net.Security.SslStream.EnsureFullTlsFrameAsync[TIOAdapter](CancellationToken cancellationToken, Int32 estimatedSize)
   at System.Runtime.CompilerServices.PoolingAsyncValueTaskMethodBuilder`1.StateMachineBox`1.System.Threading.Tasks.Sources.IValueTaskSource<TResult>.GetResult(Int16 token)
   at System.Net.Security.SslStream.ReadAsyncInternal[TIOAdapter](Memory`1 buffer, CancellationToken cancellationToken)
   at System.Runtime.CompilerServices.PoolingAsyncValueTaskMethodBuilder`1.StateMachineBox`1.System.Threading.Tasks.Sources.IValueTaskSource<TResult>.GetResult(Int16 token)
   at System.Net.Http.HttpConnection.SendAsync(HttpRequestMessage request, Boolean async, CancellationToken cancellationToken)
[2026-05-23 13:33:51Z ERR  BrokerServer] #####################################################
[2026-05-23 13:33:51Z ERR  BrokerServer] System.Net.Sockets.SocketException (995): The I/O operation has been aborted because of either a thread exit or an application request.
[2026-05-23 13:33:51Z WARN BrokerServer] Back off 7.103 seconds before next retry. 4 attempt left.
[2026-05-23 13:33:51Z INFO BrokerMessageListener] Get messages has been cancelled using local token source. Continue to get messages with new status.
[2026-05-23 13:37:51Z INFO Terminal] WRITE LINE: Exiting...
[2026-05-23 13:37:51Z INFO ConfigurationStore] IsServiceConfigured()
[2026-05-23 13:37:51Z INFO ConfigurationStore] IsServiceConfigured: False
[2026-05-23 13:37:51Z INFO HostContext] Runner will be shutdown for UserCancelled
[2026-05-23 13:37:51Z WARN GitHubActionsService] GET request to https://broker.actions.githubusercontent.com/message?sessionId=1d6be067-4424-42ab-af1f-bbf79927ba7e&status=Online&runnerVersion=2.334.0&os=Windows&architecture=X64&disableUpdate=false has been cancelled.
[2026-05-23 13:37:51Z ERR  BrokerServer] Catch exception during request
[2026-05-23 13:37:51Z ERR  BrokerServer] System.Threading.Tasks.TaskCanceledException: The operation was canceled.
 ---> System.Threading.Tasks.TaskCanceledException: The operation was canceled.
 ---> System.IO.IOException: Unable to read data from the transport connection: The I/O operation has been aborted because of either a thread exit or an application request..
 ---> System.Net.Sockets.SocketException (995): The I/O operation has been aborted because of either a thread exit or an application request.
   --- End of inner exception stack trace ---
   at System.Net.Sockets.Socket.AwaitableSocketAsyncEventArgs.ThrowException(SocketError error, CancellationToken cancellationToken)
   at System.Net.Sockets.Socket.AwaitableSocketAsyncEventArgs.System.Threading.Tasks.Sources.IValueTaskSource<System.Int32>.GetResult(Int16 token)
   at System.Net.Security.SslStream.EnsureFullTlsFrameAsync[TIOAdapter](CancellationToken cancellationToken, Int32 estimatedSize)
   at System.Runtime.CompilerServices.PoolingAsyncValueTaskMethodBuilder`1.StateMachineBox`1.System.Threading.Tasks.Sources.IValueTaskSource<TResult>.GetResult(Int16 token)
   at System.Net.Security.SslStream.ReadAsyncInternal[TIOAdapter](Memory`1 buffer, CancellationToken cancellationToken)
   at System.Runtime.CompilerServices.PoolingAsyncValueTaskMethodBuilder`1.StateMachineBox`1.System.Threading.Tasks.Sources.IValueTaskSource<TResult>.GetResult(Int16 token)
   at System.Net.Http.HttpConnection.SendAsync(HttpRequestMessage request, Boolean async, CancellationToken cancellationToken)
   --- End of inner exception stack trace ---
   at System.Net.Http.HttpConnection.SendAsync(HttpRequestMessage request, Boolean async, CancellationToken cancellationToken)
   at System.Net.Http.AuthenticationHelper.SendWithNtAuthAsync(HttpRequestMessage request, Uri authUri, Boolean async, ICredentials credentials, Boolean isProxyAuth, HttpConnection connection, HttpConnectionPool connectionPool, CancellationToken cancellationToken)
   at System.Net.Http.HttpConnectionPool.SendWithVersionDetectionAndRetryAsync(HttpRequestMessage request, Boolean async, Boolean doRequestAuth, CancellationToken cancellationToken)
   at System.Net.Http.AuthenticationHelper.SendWithAuthAsync(HttpRequestMessage request, Uri authUri, Boolean async, ICredentials credentials, Boolean preAuthenticate, Boolean isProxyAuth, Boolean doRequestAuth, HttpConnectionPool pool, CancellationToken cancellationToken)
   at System.Net.Http.RedirectHandler.SendAsync(HttpRequestMessage request, Boolean async, CancellationToken cancellationToken)
   at GitHub.Services.Common.RawHttpMessageHandler.SendAsync(HttpRequestMessage request, CancellationToken cancellationToken)
   at GitHub.Services.Common.VssHttpRetryMessageHandler.SendAsync(HttpRequestMessage request, CancellationToken cancellationToken)
   at System.Net.Http.HttpClient.<SendAsync>g__Core|83_0(HttpRequestMessage request, HttpCompletionOption completionOption, CancellationTokenSource cts, Boolean disposeCts, CancellationTokenSource pendingRequestsCts, CancellationToken originalCancellationToken)
   --- End of inner exception stack trace ---
   at System.Net.Http.HttpClient.HandleFailure(Exception e, Boolean telemetryStarted, HttpResponseMessage response, CancellationTokenSource cts, CancellationToken cancellationToken, CancellationTokenSource pendingRequestsCts)
   at System.Net.Http.HttpClient.<SendAsync>g__Core|83_0(HttpRequestMessage request, HttpCompletionOption completionOption, CancellationTokenSource cts, Boolean disposeCts, CancellationTokenSource pendingRequestsCts, CancellationToken originalCancellationToken)
   at Sdk.WebApi.WebApi.RawHttpClientBase.SendAsync(HttpRequestMessage message, HttpCompletionOption completionOption, Object userState, CancellationToken cancellationToken)
   at Sdk.WebApi.WebApi.RawHttpClientBase.SendAsync[T](HttpRequestMessage message, Boolean readErrorBody, Object userState, CancellationToken cancellationToken)
   at Sdk.WebApi.WebApi.RawHttpClientBase.SendAsync[T](HttpMethod method, IEnumerable`1 additionalHeaders, Uri requestUri, HttpContent content, IEnumerable`1 queryParameters, Boolean readErrorBody, Object userState, CancellationToken cancellationToken)
   at GitHub.Actions.RunService.WebApi.BrokerHttpClient.GetRunnerMessageAsync(Nullable`1 sessionId, String runnerVersion, Nullable`1 status, String os, String architecture, Nullable`1 disableUpdate, CancellationToken cancellationToken)
   at GitHub.Runner.Common.BrokerServer.<>c__DisplayClass7_0.<<GetRunnerMessageAsync>b__0>d.MoveNext()
--- End of stack trace from previous location ---
   at GitHub.Runner.Common.RunnerService.RetryRequest[T](Func`1 func, CancellationToken cancellationToken, Int32 maxAttempts, Func`2 shouldRetry)
[2026-05-23 13:37:51Z ERR  BrokerServer] #####################################################
[2026-05-23 13:37:51Z ERR  BrokerServer] System.Threading.Tasks.TaskCanceledException: The operation was canceled.
 ---> System.IO.IOException: Unable to read data from the transport connection: The I/O operation has been aborted because of either a thread exit or an application request..
 ---> System.Net.Sockets.SocketException (995): The I/O operation has been aborted because of either a thread exit or an application request.
   --- End of inner exception stack trace ---
   at System.Net.Sockets.Socket.AwaitableSocketAsyncEventArgs.ThrowException(SocketError error, CancellationToken cancellationToken)
   at System.Net.Sockets.Socket.AwaitableSocketAsyncEventArgs.System.Threading.Tasks.Sources.IValueTaskSource<System.Int32>.GetResult(Int16 token)
   at System.Net.Security.SslStream.EnsureFullTlsFrameAsync[TIOAdapter](CancellationToken cancellationToken, Int32 estimatedSize)
   at System.Runtime.CompilerServices.PoolingAsyncValueTaskMethodBuilder`1.StateMachineBox`1.System.Threading.Tasks.Sources.IValueTaskSource<TResult>.GetResult(Int16 token)
   at System.Net.Security.SslStream.ReadAsyncInternal[TIOAdapter](Memory`1 buffer, CancellationToken cancellationToken)
   at System.Runtime.CompilerServices.PoolingAsyncValueTaskMethodBuilder`1.StateMachineBox`1.System.Threading.Tasks.Sources.IValueTaskSource<TResult>.GetResult(Int16 token)
   at System.Net.Http.HttpConnection.SendAsync(HttpRequestMessage request, Boolean async, CancellationToken cancellationToken)
   --- End of inner exception stack trace ---
   at System.Net.Http.HttpConnection.SendAsync(HttpRequestMessage request, Boolean async, CancellationToken cancellationToken)
   at System.Net.Http.AuthenticationHelper.SendWithNtAuthAsync(HttpRequestMessage request, Uri authUri, Boolean async, ICredentials credentials, Boolean isProxyAuth, HttpConnection connection, HttpConnectionPool connectionPool, CancellationToken cancellationToken)
   at System.Net.Http.HttpConnectionPool.SendWithVersionDetectionAndRetryAsync(HttpRequestMessage request, Boolean async, Boolean doRequestAuth, CancellationToken cancellationToken)
   at System.Net.Http.AuthenticationHelper.SendWithAuthAsync(HttpRequestMessage request, Uri authUri, Boolean async, ICredentials credentials, Boolean preAuthenticate, Boolean isProxyAuth, Boolean doRequestAuth, HttpConnectionPool pool, CancellationToken cancellationToken)
   at System.Net.Http.RedirectHandler.SendAsync(HttpRequestMessage request, Boolean async, CancellationToken cancellationToken)
   at GitHub.Services.Common.RawHttpMessageHandler.SendAsync(HttpRequestMessage request, CancellationToken cancellationToken)
   at GitHub.Services.Common.VssHttpRetryMessageHandler.SendAsync(HttpRequestMessage request, CancellationToken cancellationToken)
   at System.Net.Http.HttpClient.<SendAsync>g__Core|83_0(HttpRequestMessage request, HttpCompletionOption completionOption, CancellationTokenSource cts, Boolean disposeCts, CancellationTokenSource pendingRequestsCts, CancellationToken originalCancellationToken)
[2026-05-23 13:37:51Z ERR  BrokerServer] #####################################################
[2026-05-23 13:37:51Z ERR  BrokerServer] System.IO.IOException: Unable to read data from the transport connection: The I/O operation has been aborted because of either a thread exit or an application request..
 ---> System.Net.Sockets.SocketException (995): The I/O operation has been aborted because of either a thread exit or an application request.
   --- End of inner exception stack trace ---
   at System.Net.Sockets.Socket.AwaitableSocketAsyncEventArgs.ThrowException(SocketError error, CancellationToken cancellationToken)
   at System.Net.Sockets.Socket.AwaitableSocketAsyncEventArgs.System.Threading.Tasks.Sources.IValueTaskSource<System.Int32>.GetResult(Int16 token)
   at System.Net.Security.SslStream.EnsureFullTlsFrameAsync[TIOAdapter](CancellationToken cancellationToken, Int32 estimatedSize)
   at System.Runtime.CompilerServices.PoolingAsyncValueTaskMethodBuilder`1.StateMachineBox`1.System.Threading.Tasks.Sources.IValueTaskSource<TResult>.GetResult(Int16 token)
   at System.Net.Security.SslStream.ReadAsyncInternal[TIOAdapter](Memory`1 buffer, CancellationToken cancellationToken)
   at System.Runtime.CompilerServices.PoolingAsyncValueTaskMethodBuilder`1.StateMachineBox`1.System.Threading.Tasks.Sources.IValueTaskSource<TResult>.GetResult(Int16 token)
   at System.Net.Http.HttpConnection.SendAsync(HttpRequestMessage request, Boolean async, CancellationToken cancellationToken)
[2026-05-23 13:37:51Z ERR  BrokerServer] #####################################################
[2026-05-23 13:37:51Z ERR  BrokerServer] System.Net.Sockets.SocketException (995): The I/O operation has been aborted because of either a thread exit or an application request.
[2026-05-23 13:37:51Z WARN BrokerServer] Back off 14.263 seconds before next retry. 4 attempt left.
[2026-05-23 13:37:51Z INFO BrokerMessageListener] Get next message has been cancelled.
[2026-05-23 13:37:51Z INFO JobDispatcher] Shutting down JobDispatcher. Make sure all WorkerDispatcher has finished.
[2026-05-23 13:37:51Z INFO JobDispatcher] Ensure WorkerDispatcher for job 9bbe8ddc-72ce-5341-9c15-f4264af0ad4e run to finish, cancel any running job.
[2026-05-23 13:37:51Z INFO JobDispatcher] Job request 9bbe8ddc-72ce-5341-9c15-f4264af0ad4e processed succeed.
[2026-05-23 13:37:51Z INFO Runner] Deleting Runner Session...
[2026-05-23 13:37:51Z INFO Listener] Runner execution been cancelled.
